============================================================
TEST ERROR DETAILS
============================================================

Timestamp: 2025-12-29 12:58:09

No errors! All tests passed.
